// Jest Snapshot v1, https://goo.gl/fbAQLP

exports[`InfoTooltip.vue should render correctly 1`] = `
<template>
  <b-button
    v-b-tooltip
    variant="link"
    class="btn-tooltip"
  >
    <icon-tooltip />
  </b-button>
</template>
`;
