// Jest Snapshot v1, https://goo.gl/fbAQLP

exports[`LoadingBar.vue should render correctly 1`] = `
<transition-stub
  name="fade"
>
  <!---->
</transition-stub>
`;
