// Jest Snapshot v1, https://goo.gl/fbAQLP

exports[`PageContainer.vue should render correctly 1`] = `
<main
  class="page-container"
  id="main-content"
/>
`;
